Component: ARM Compiler 5.05 update 1 (build 106) Tool: armlink [4d0efa]

==============================================================================

Section Cross References

    main.o(.text) refers to _printf_percent.o(.ARM.Collect$$_printf_percent$$00000000) for _printf_percent
    main.o(.text) refers to _printf_f.o(.ARM.Collect$$_printf_percent$$00000003) for _printf_f
    main.o(.text) refers to printf1.o(x$fpl$printf1) for _printf_fp_dec
    main.o(.text) refers to misc.o(.text) for NVIC_PriorityGroupConfig
    main.o(.text) refers to delay.o(.text) for delay_init
    main.o(.text) refers to usart.o(.text) for vUart1_init
    main.o(.text) refers to hmi_user_uart.o(.text) for vUart2_init
    main.o(.text) refers to cmd_queue.o(.text) for queue_reset
    main.o(.text) refers to heap_5.o(.text) for vPortDefineHeapRegions
    main.o(.text) refers to dflt_clz.o(x$fpl$dfltu) for __aeabi_ui2d
    main.o(.text) refers to ddiv.o(x$fpl$ddiv) for __aeabi_ddiv
    main.o(.text) refers to __2printf.o(.text) for __2printf
    main.o(.text) refers to 24cxx.o(.text) for AT24CXX_Init
    main.o(.text) refers to diskio.o(.text) for disk_initialize
    main.o(.text) refers to exfuns.o(.text) for vFile_ver_malloc
    main.o(.text) refers to led.o(.text) for vLed_init
    main.o(.text) refers to can.o(.text) for vCan1_mode_init
    main.o(.text) refers to load_sensor.o(.text) for vLoad_sys_init
    main.o(.text) refers to hardcontrol.o(.text) for vHard_io_init
    main.o(.text) refers to uart_rfid.o(.text) for vClose_rfid
    main.o(.text) refers to iwdg.o(.text) for IWDG_Init
    main.o(.text) refers to hmi_driver.o(.text) for SetScreen
    main.o(.text) refers to tasks.o(.text) for xTaskCreate
    main.o(.text) refers to main.o(.constdata) for .constdata
    main.o(.text) refers to user_task.o(.data) for eDevice_Status1
    main.o(.text) refers to 24cxx.o(.data) for pEdata
    main.o(.text) refers to cmd_process.o(.data) for current_screen_id
    main.o(.text) refers to user_task.o(.text) for vStart_task
    system_stm32f4xx.o(.text) refers to system_stm32f4xx.o(.data) for SystemCoreClock
    user_task.o(.text) refers to _printf_pad.o(.text) for _printf_pre_padding
    user_task.o(.text) refers to _printf_percent.o(.ARM.Collect$$_printf_percent$$00000000) for _printf_percent
    user_task.o(.text) refers to _printf_d.o(.ARM.Collect$$_printf_percent$$00000009) for _printf_d
    user_task.o(.text) refers to _printf_dec.o(.text) for _printf_int_dec
    user_task.o(.text) refers to _printf_f.o(.ARM.Collect$$_printf_percent$$00000003) for _printf_f
    user_task.o(.text) refers to printf1.o(x$fpl$printf1) for _printf_fp_dec
    user_task.o(.text) refers to _printf_s.o(.ARM.Collect$$_printf_percent$$00000014) for _printf_s
    user_task.o(.text) refers to _printf_str.o(.text) for _printf_str
    user_task.o(.text) refers to _scanf_int.o(.text) for _scanf_int
    user_task.o(.text) refers to vsnprintf.o(.text) for vsnprintf
    user_task.o(.text) refers to queue.o(.text) for xQueueGenericSend
    user_task.o(.text) refers to mystring.o(.text) for GetString
    user_task.o(.text) refers to hmi_driver.o(.text) for SetTextValue
    user_task.o(.text) refers to tasks.o(.text) for vTaskDelay
    user_task.o(.text) refers to event_groups.o(.text) for xEventGroupSetBits
    user_task.o(.text) refers to hardcontrol.o(.text) for vMotor_stop
    user_task.o(.text) refers to 24cxx.o(.text) for vPush_one_eedata
    user_task.o(.text) refers to load_sensor.o(.text) for dFodder_data_get
    user_task.o(.text) refers to d2f.o(x$fpl$d2f) for __aeabi_d2f
    user_task.o(.text) refers to f2d.o(x$fpl$f2d) for __aeabi_f2d
    user_task.o(.text) refers to dflt_clz.o(x$fpl$dflt) for __aeabi_i2d
    user_task.o(.text) refers to dmul.o(x$fpl$dmul) for __aeabi_dmul
    user_task.o(.text) refers to dleqf.o(x$fpl$dleqf) for __aeabi_cdcmple
    user_task.o(.text) refers to fabs.o(i.__hardfp_fabs) for __hardfp_fabs
    user_task.o(.text) refers to user_task.o(.data) for uartDebugQueue_Handler
    user_task.o(.text) refers to 24cxx.o(.data) for pEdata
    user_task.o(.text) refers to drleqf.o(x$fpl$drleqf) for __aeabi_cdrcmple
    user_task.o(.text) refers to daddsub_clz.o(x$fpl$dadd) for __aeabi_dadd
    user_task.o(.text) refers to dfix.o(x$fpl$dfix) for __aeabi_d2iz
    user_task.o(.text) refers to uart_rfid.o(.text) for vOpen_rfid
    user_task.o(.text) refers to __2sprintf.o(.text) for __2sprintf
    user_task.o(.text) refers to user_task.o(.bss) for weight
    user_task.o(.text) refers to cmd_process.o(.bss) for sRtc_time
    user_task.o(.text) refers to ff.o(.text) for f_open
    user_task.o(.text) refers to exfuns.o(.data) for file
    user_task.o(.text) refers to cmd_queue.o(.text) for queue_find_cmd
    user_task.o(.text) refers to cmd_process.o(.text) for ProcessMessage
    user_task.o(.text) refers to delay.o(.text) for delay_xms
[...]
    EXTI_DeInit                              0x0801c345   Thumb Code    28  stm32f4xx_exti.o(.text)
    EXTI_Init                                0x0801c361   Thumb Code   142  stm32f4xx_exti.o(.text)
    EXTI_StructInit                          0x0801c3ef   Thumb Code    16  stm32f4xx_exti.o(.text)
    EXTI_GenerateSWInterrupt                 0x0801c3ff   Thumb Code    16  stm32f4xx_exti.o(.text)
    EXTI_GetFlagStatus                       0x0801c40f   Thumb Code    22  stm32f4xx_exti.o(.text)
    EXTI_ClearFlag                           0x0801c425   Thumb Code     8  stm32f4xx_exti.o(.text)
    EXTI_GetITStatus                         0x0801c42d   Thumb Code    22  stm32f4xx_exti.o(.text)
    EXTI_ClearITPendingBit                   0x0801c443   Thumb Code     8  stm32f4xx_exti.o(.text)
    SDIO_DeInit                              0x0801c455   Thumb Code    22  stm32f4xx_sdio.o(.text)
    SDIO_Init                                0x0801c46b   Thumb Code    42  stm32f4xx_sdio.o(.text)
    SDIO_StructInit                          0x0801c495   Thumb Code    16  stm32f4xx_sdio.o(.text)
    SDIO_ClockCmd                            0x0801c4a5   Thumb Code     6  stm32f4xx_sdio.o(.text)
    SDIO_SetPowerState                       0x0801c4ab   Thumb Code     8  stm32f4xx_sdio.o(.text)
    SDIO_GetPowerState                       0x0801c4b3   Thumb Code    12  stm32f4xx_sdio.o(.text)
    SDIO_SendCommand                         0x0801c4bf   Thumb Code    42  stm32f4xx_sdio.o(.text)
    SDIO_CmdStructInit                       0x0801c4e9   Thumb Code    14  stm32f4xx_sdio.o(.text)
    SDIO_GetCommandResponse                  0x0801c4f7   Thumb Code    10  stm32f4xx_sdio.o(.text)
    SDIO_GetResponse                         0x0801c501   Thumb Code    22  stm32f4xx_sdio.o(.text)
    SDIO_DataConfig                          0x0801c517   Thumb Code    48  stm32f4xx_sdio.o(.text)
    SDIO_DataStructInit                      0x0801c547   Thumb Code    20  stm32f4xx_sdio.o(.text)
    SDIO_GetDataCounter                      0x0801c55b   Thumb Code     8  stm32f4xx_sdio.o(.text)
    SDIO_ReadData                            0x0801c563   Thumb Code     8  stm32f4xx_sdio.o(.text)
    SDIO_WriteData                           0x0801c56b   Thumb Code     8  stm32f4xx_sdio.o(.text)
    SDIO_GetFIFOCount                        0x0801c573   Thumb Code     8  stm32f4xx_sdio.o(.text)
    SDIO_StartSDIOReadWait                   0x0801c57b   Thumb Code     6  stm32f4xx_sdio.o(.text)
    SDIO_StopSDIOReadWait                    0x0801c581   Thumb Code     8  stm32f4xx_sdio.o(.text)
    SDIO_SetSDIOReadWaitMode                 0x0801c589   Thumb Code     8  stm32f4xx_sdio.o(.text)
    SDIO_SetSDIOOperation                    0x0801c591   Thumb Code     8  stm32f4xx_sdio.o(.text)
    SDIO_SendSDIOSuspendCmd                  0x0801c599   Thumb Code     6  stm32f4xx_sdio.o(.text)
    SDIO_CommandCompletionCmd                0x0801c59f   Thumb Code     8  stm32f4xx_sdio.o(.text)
    SDIO_CEATAITCmd                          0x0801c5a7   Thumb Code    12  stm32f4xx_sdio.o(.text)
    SDIO_SendCEATACmd                        0x0801c5b3   Thumb Code     8  stm32f4xx_sdio.o(.text)
    SDIO_DMACmd                              0x0801c5bb   Thumb Code     8  stm32f4xx_sdio.o(.text)
    SDIO_ITConfig                            0x0801c5c3   Thumb Code    34  stm32f4xx_sdio.o(.text)
    SDIO_GetFlagStatus                       0x0801c5e5   Thumb Code    22  stm32f4xx_sdio.o(.text)
    SDIO_ClearFlag                           0x0801c5fb   Thumb Code     8  stm32f4xx_sdio.o(.text)
    SDIO_GetITStatus                         0x0801c603   Thumb Code    22  stm32f4xx_sdio.o(.text)
    SDIO_ClearITPendingBit                   0x0801c619   Thumb Code     8  stm32f4xx_sdio.o(.text)
    DMA_DeInit                               0x0801c631   Thumb Code   324  stm32f4xx_dma.o(.text)
    DMA_Init                                 0x0801c775   Thumb Code    82  stm32f4xx_dma.o(.text)
    DMA_StructInit                           0x0801c7c7   Thumb Code    34  stm32f4xx_dma.o(.text)
    DMA_Cmd                                  0x0801c7e9   Thumb Code    22  stm32f4xx_dma.o(.text)
    DMA_PeriphIncOffsetSizeConfig            0x0801c7ff   Thumb Code    22  stm32f4xx_dma.o(.text)
    DMA_FlowControllerConfig                 0x0801c815   Thumb Code    22  stm32f4xx_dma.o(.text)
    DMA_SetCurrDataCounter                   0x0801c82b   Thumb Code     4  stm32f4xx_dma.o(.text)
    DMA_GetCurrDataCounter                   0x0801c82f   Thumb Code     8  stm32f4xx_dma.o(.text)
    DMA_DoubleBufferModeConfig               0x0801c837   Thumb Code    24  stm32f4xx_dma.o(.text)
    DMA_DoubleBufferModeCmd                  0x0801c84f   Thumb Code    22  stm32f4xx_dma.o(.text)
    DMA_MemoryTargetConfig                   0x0801c865   Thumb Code    10  stm32f4xx_dma.o(.text)
    DMA_GetCurrentMemoryTarget               0x0801c86f   Thumb Code    20  stm32f4xx_dma.o(.text)
    DMA_GetCmdStatus                         0x0801c883   Thumb Code    20  stm32f4xx_dma.o(.text)
    DMA_GetFIFOStatus                        0x0801c897   Thumb Code    12  stm32f4xx_dma.o(.text)
    DMA_GetFlagStatus                        0x0801c8a3   Thumb Code    56  stm32f4xx_dma.o(.text)
    DMA_ClearFlag                            0x0801c8db   Thumb Code    40  stm32f4xx_dma.o(.text)
    DMA_ITConfig                             0x0801c903   Thumb Code    58  stm32f4xx_dma.o(.text)
    DMA_GetITStatus                          0x0801c93d   Thumb Code    84  stm32f4xx_dma.o(.text)
    DMA_ClearITPendingBit                    0x0801c991   Thumb Code    40  stm32f4xx_dma.o(.text)
    CAN_DeInit                               0x0801c9d9   Thumb Code    50  stm32f4xx_can.o(.text)
    CAN_Init                                 0x0801ca0b   Thumb Code   276  stm32f4xx_can.o(.text)
    CAN_FilterInit                           0x0801cb1f   Thumb Code   258  stm32f4xx_can.o(.text)
    CAN_StructInit                           0x0801cc21   Thumb Code    32  stm32f4xx_can.o(.text)
    CAN_SlaveStartBank                       0x0801cc41   Thumb Code    48  stm32f4xx_can.o(.text)
    CAN_DBGFreeze                            0x0801cc71   Thumb Code    22  stm32f4xx_can.o(.text)
    CAN_TTComModeCmd                         0x0801cc87   Thumb Code   118  stm32f4xx_can.o(.text)
    CAN_Transmit                             0x0801ccfd   Thumb Code   304  stm32f4xx_can.o(.text)
    CAN_TransmitStatus                       0x0801ce2d   Thumb Code   138  stm32f4xx_can.o(.text)
    CAN_CancelTransmit                       0x0801ceb7   Thumb Code    48  stm32f4xx_can.o(.text)
    CAN_Receive                              0x0801cee7   Thumb Code   240  stm32f4xx_can.o(.text)
    CAN_FIFORelease                          0x0801cfd7   Thumb Code    22  stm32f4xx_can.o(.text)
    CAN_MessagePending                       0x0801cfed   Thumb Code    30  stm32f4xx_can.o(.text)
    CAN_OperatingModeRequest                 0x0801d00b   Thumb Code   162  stm32f4xx_can.o(.text)
    CAN_Sleep                                0x0801d0ad   Thumb Code    30  stm32f4xx_can.o(.text)
    CAN_WakeUp                               0x0801d0cb   Thumb Code    48  stm32f4xx_can.o(.text)
    CAN_GetLastErrorCode                     0x0801d0fb   Thumb Code    12  stm32f4xx_can.o(.text)
    CAN_GetReceiveErrorCounter               0x0801d107   Thumb Code    10  stm32f4xx_can.o(.text)
    CAN_GetLSBTransmitErrorCounter           0x0801d111   Thumb Code    12  stm32f4xx_can.o(.text)
    CAN_ITConfig                             0x0801d11d   Thumb Code    18  stm32f4xx_can.o(.text)
    CAN_GetFlagStatus                        0x0801d12f   Thumb Code   120  stm32f4xx_can.o(.text)
    CAN_ClearFlag                            0x0801d1a7   Thumb Code    52  stm32f4xx_can.o(.text)
    CAN_GetITStatus                          0x0801d1ed   Thumb Code   310  stm32f4xx_can.o(.text)
    CAN_ClearITPendingBit                    0x0801d323   Thumb Code   162  stm32f4xx_can.o(.text)
    IWDG_WriteAccessCmd                      0x0801d3c9   Thumb Code     6  stm32f4xx_iwdg.o(.text)
    IWDG_SetPrescaler                        0x0801d3cf   Thumb Code     6  stm32f4xx_iwdg.o(.text)
    IWDG_SetReload                           0x0801d3d5   Thumb Code     6  stm32f4xx_iwdg.o(.text)
    IWDG_ReloadCounter                       0x0801d3db   Thumb Code    10  stm32f4xx_iwdg.o(.text)
    IWDG_Enable                              0x0801d3e5   Thumb Code    10  stm32f4xx_iwdg.o(.text)
    IWDG_GetFlagStatus                       0x0801d3ef   Thumb Code    20  stm32f4xx_iwdg.o(.text)
    SysTick_Handler                          0x0801d409   Thumb Code    16  delay.o(.text)
    delay_init                               0x0801d419   Thumb Code    58  delay.o(.text)
    delay_us                                 0x0801d453   Thumb Code    68  delay.o(.text)
    delay_ms                                 0x0801d497   Thumb Code    60  delay.o(.text)
    delay_xms                                0x0801d4d3   Thumb Code    24  delay.o(.text)
    delay_xns                                0x0801d4eb   Thumb Code    22  delay.o(.text)
    _sys_exit                                0x0801d509   Thumb Code     6  usart.o(.text)
    _ttywrch                                 0x0801d50f   Thumb Code     6  usart.o(.text)
    fputc                                    0x0801d515   Thumb Code    24  usart.o(.text)
    vUart1_init                              0x0801d52d   Thumb Code   164  usart.o(.text)
    vUart3_init                              0x0801d5d1   Thumb Code   160  usart.o(.text)
    USART2_IRQHandler                        0x0801d671   Thumb Code    22  usart.o(.text)
    vUart6_init                              0x0801d687   Thumb Code   158  usart.o(.text)
    USART3_IRQHandler                        0x0801d725   Thumb Code    32  usart.o(.text)
    USART6_IRQHandler                        0x0801d745   Thumb Code    26  usart.o(.text)
    vGet_img                                 0x0801d75f   Thumb Code    90  usart.o(.text)
    Reset_Handler                            0x0801d7e1   Thumb Code     8  startup_stm32f40_41xxx.o(.text)
    ADC_IRQHandler                           0x0801d7fb   Thumb Code     0  startup_stm32f40_41xxx.o(.text)
    CAN1_RX1_IRQHandler                      0x0801d7fb   Thumb Code     0  startup_stm32f40_41xxx.o(.text)
    CAN1_SCE_IRQHandler                      0x0801d7fb   Thumb Code     0  startup_stm32f40_41xxx.o(.text)
    CAN1_TX_IRQHandler                       0x0801d7fb   Thumb Code     0  startup_stm32f40_41xxx.o(.text)
    CAN2_RX0_IRQHandler                      0x0801d7fb   Thumb Code     0  startup_stm32f40_41xxx.o(.text)
    CAN2_RX1_IRQHandler                      0x0801d7fb   Thumb Code     0  startup_stm32f40_41xxx.o(.text)
    CAN2_SCE_IRQHandler                      0x0801d7fb   Thumb Code     0  startup_stm32f40_41xxx.o(.text)
    CAN2_TX_IRQHandler                       0x0801d7fb   Thumb Code     0  startup_stm32f40_41xxx.o(.text)
    CRYP_IRQHandler                          0x0801d7fb   Thumb Code     0  startup_stm32f40_41xxx.o(.text)
    DCMI_IRQHandler                          0x0801d7fb   Thumb Code     0  startup_stm32f40_41xxx.o(.text)
    DMA1_Stream0_IRQHandler                  0x0801d7fb   Thumb Code     0  startup_stm32f40_41xxx.o(.text)
    DMA1_Stream1_IRQHandler                  0x0801d7fb   Thumb Code     0  startup_stm32f40_41xxx.o(.text)
    DMA1_Stream2_IRQHandler                  0x0801d7fb   Thumb Code     0  startup_stm32f40_41xxx.o(.text)
    DMA1_Stream3_IRQHandler                  0x0801d7fb   Thumb Code     0  startup_stm32f40_41xxx.o(.text)
    DMA1_Stream4_IRQHandler                  0x0801d7fb   Thumb Code     0  startup_stm32f40_41xxx.o(.text)
    DMA1_Stream5_IRQHandler                  0x0801d7fb   Thumb Code     0  startup_stm32f40_41xxx.o(.text)
    DMA1_Stream6_IRQHandler                  0x0801d7fb   Thumb Code     0  startup_stm32f40_41xxx.o(.text)
    DMA1_Stream7_IRQHandler                  0x0801d7fb   Thumb Code     0  startup_stm32f40_41xxx.o(.text)
    DMA2_Stream0_IRQHandler                  0x0801d7fb   Thumb Code     0  startup_stm32f40_41xxx.o(.text)
    DMA2_Stream1_IRQHandler                  0x0801d7fb   Thumb Code     0  startup_stm32f40_41xxx.o(.text)
    DMA2_Stream2_IRQHandler                  0x0801d7fb   Thumb Code     0  startup_stm32f40_41xxx.o(.text)
    DMA2_Stream3_IRQHandler                  0x0801d7fb   Thumb Code     0  startup_stm32f40_41xxx.o(.text)
    DMA2_Stream4_IRQHandler                  0x0801d7fb   Thumb Code     0  startup_stm32f40_41xxx.o(.text)
    DMA2_Stream5_IRQHandler                  0x0801d7fb   Thumb Code     0  startup_stm32f40_41xxx.o(.text)
    DMA2_Stream6_IRQHandler                  0x0801d7fb   Thumb Code     0  startup_stm32f40_41xxx.o(.text)
    DMA2_Stream7_IRQHandler                  0x0801d7fb   Thumb Code     0  startup_stm32f40_41xxx.o(.text)
    ETH_IRQHandler                           0x0801d7fb   Thumb Code     0  startup_stm32f40_41xxx.o(.text)
    ETH_WKUP_IRQHandler                      0x0801d7fb   Thumb Code     0  startup_stm32f40_41xxx.o(.text)
    EXTI0_IRQHandler                         0x0801d7fb   Thumb Code     0  startup_stm32f40_41xxx.o(.text)
    EXTI1_IRQHandler                         0x0801d7fb   Thumb Code     0  startup_stm32f40_41xxx.o(.text)
    EXTI2_IRQHandler                         0x0801d7fb   Thumb Code     0  startup_stm32f40_41xxx.o(.text)
    EXTI3_IRQHandler                         0x0801d7fb   Thumb Code     0  startup_stm32f40_41xxx.o(.text)
    EXTI9_5_IRQHandler                       0x0801d7fb   Thumb Code     0  startup_stm32f40_41xxx.o(.text)
    FLASH_IRQHandler                         0x0801d7fb   Thumb Code     0  startup_stm32f40_41xxx.o(.text)
    FPU_IRQHandler                           0x0801d7fb   Thumb Code     0  startup_stm32f40_41xxx.o(.text)
    FSMC_IRQHandler                          0x0801d7fb   Thumb Code     0  startup_stm32f40_41xxx.o(.text)
    HASH_RNG_IRQHandler                      0x0801d7fb   Thumb Code     0  startup_stm32f40_41xxx.o(.text)
    I2C1_ER_IRQHandler                       0x0801d7fb   Thumb Code     0  startup_stm32f40_41xxx.o(.text)
    I2C1_EV_IRQHandler                       0x0801d7fb   Thumb Code     0  startup_stm32f40_41xxx.o(.text)
    I2C2_ER_IRQHandler                       0x0801d7fb   Thumb Code     0  startup_stm32f40_41xxx.o(.text)
    I2C2_EV_IRQHandler                       0x0801d7fb   Thumb Code     0  startup_stm32f40_41xxx.o(.text)
    I2C3_ER_IRQHandler                       0x0801d7fb   Thumb Code     0  startup_stm32f40_41xxx.o(.text)
    I2C3_EV_IRQHandler                       0x0801d7fb   Thumb Code     0  startup_stm32f40_41xxx.o(.text)
    OTG_FS_IRQHandler                        0x0801d7fb   Thumb Code     0  startup_stm32f40_41xxx.o(.text)
    OTG_FS_WKUP_IRQHandler                   0x0801d7fb   Thumb Code     0  startup_stm32f40_41xxx.o(.text)
    OTG_HS_EP1_IN_IRQHandler                 0x0801d7fb   Thumb Code     0  startup_stm32f40_41xxx.o(.text)
    OTG_HS_EP1_OUT_IRQHandler                0x0801d7fb   Thumb Code     0  startup_stm32f40_41xxx.o(.text)
    OTG_HS_IRQHandler                        0x0801d7fb   Thumb Code     0  startup_stm32f40_41xxx.o(.text)
    OTG_HS_WKUP_IRQHandler                   0x0801d7fb   Thumb Code     0  startup_stm32f40_41xxx.o(.text)
    PVD_IRQHandler                           0x0801d7fb   Thumb Code     0  startup_stm32f40_41xxx.o(.text)
    RCC_IRQHandler                           0x0801d7fb   Thumb Code     0  startup_stm32f40_41xxx.o(.text)
    RTC_Alarm_IRQHandler                     0x0801d7fb   Thumb Code     0  startup_stm32f40_41xxx.o(.text)
    RTC_WKUP_IRQHandler                      0x0801d7fb   Thumb Code     0  startup_stm32f40_41xxx.o(.text)
    SPI1_IRQHandler                          0x0801d7fb   Thumb Code     0  startup_stm32f40_41xxx.o(.text)
    SPI2_IRQHandler                          0x0801d7fb   Thumb Code     0  startup_stm32f40_41xxx.o(.text)
    SPI3_IRQHandler                          0x0801d7fb   Thumb Code     0  startup_stm32f40_41xxx.o(.text)
    TAMP_STAMP_IRQHandler                    0x0801d7fb   Thumb Code     0  startup_stm32f40_41xxx.o(.text)
    TIM1_BRK_TIM9_IRQHandler                 0x0801d7fb   Thumb Code     0  startup_stm32f40_41xxx.o(.text)
    TIM1_CC_IRQHandler                       0x0801d7fb   Thumb Code     0  startup_stm32f40_41xxx.o(.text)
    TIM1_TRG_COM_TIM11_IRQHandler            0x0801d7fb   Thumb Code     0  startup_stm32f40_41xxx.o(.text)
    TIM1_UP_TIM10_IRQHandler                 0x0801d7fb   Thumb Code     0  startup_stm32f40_41xxx.o(.text)
    TIM2_IRQHandler                          0x0801d7fb   Thumb Code     0  startup_stm32f40_41xxx.o(.text)
    TIM3_IRQHandler                          0x0801d7fb   Thumb Code     0  startup_stm32f40_41xxx.o(.text)
    TIM4_IRQHandler                          0x0801d7fb   Thumb Code     0  startup_stm32f40_41xxx.o(.text)
    TIM5_IRQHandler                          0x0801d7fb   Thumb Code     0  startup_stm32f40_41xxx.o(.text)
    TIM6_DAC_IRQHandler                      0x0801d7fb   Thumb Code     0  startup_stm32f40_41xxx.o(.text)
    TIM7_IRQHandler                          0x0801d7fb   Thumb Code     0  startup_stm32f40_41xxx.o(.text)
    TIM8_BRK_TIM12_IRQHandler                0x0801d7fb   Thumb Code     0  startup_stm32f40_41xxx.o(.text)
    TIM8_CC_IRQHandler                       0x0801d7fb   Thumb Code     0  startup_stm32f40_41xxx.o(.text)
    TIM8_TRG_COM_TIM14_IRQHandler            0x0801d7fb   Thumb Code     0  startup_stm32f40_41xxx.o(.text)
    TIM8_UP_TIM13_IRQHandler                 0x0801d7fb   Thumb Code     0  startup_stm32f40_41xxx.o(.text)
    UART4_IRQHandler                         0x0801d7fb   Thumb Code     0  startup_stm32f40_41xxx.o(.text)
    UART5_IRQHandler                         0x0801d7fb   Thumb Code     0  startup_stm32f40_41xxx.o(.text)
    WWDG_IRQHandler                          0x0801d7fb   Thumb Code     0  startup_stm32f40_41xxx.o(.text)
    __user_initial_stackheap                 0x0801d7fd   Thumb Code     0  startup_stm32f40_41xxx.o(.text)
    __use_no_semihosting                     0x0801d821   Thumb Code     2  use_no_semi_2.o(.text)
    malloc                                   0x0801d823   Thumb Code    94  h1_alloc.o(.text)
    free                                     0x0801d881   Thumb Code    78  h1_free.o(.text)
    __aeabi_ldivmod                          0x0801d8cf   Thumb Code     0  llsdiv.o(.text)
    _ll_sdiv                                 0x0801d8cf   Thumb Code    72  llsdiv.o(.text)
    tolower                                  0x0801d917   Thumb Code    26  tolower.o(.text)
    vsnprintf                                0x0801d931   Thumb Code    48  vsnprintf.o(.text)
    __2printf                                0x0801d965   Thumb Code    20  __2printf.o(.text)
    __2sprintf                               0x0801d97d   Thumb Code    38  __2sprintf.o(.text)
    _printf_pre_padding                      0x0801d9a9   Thumb Code    44  _printf_pad.o(.text)
    _printf_post_padding                     0x0801d9d5   Thumb Code    34  _printf_pad.o(.text)
    _printf_str                              0x0801d9f7   Thumb Code    82  _printf_str.o(.text)
    _printf_int_dec                          0x0801da49   Thumb Code   104  _printf_dec.o(.text)
    _printf_longlong_hex                     0x0801dac1   Thumb Code    86  _printf_hex_int_ll_ptr.o(.text)
    _printf_int_hex                          0x0801db17   Thumb Code    28  _printf_hex_int_ll_ptr.o(.text)
    _printf_ll_hex                           0x0801db33   Thumb Code    12  _printf_hex_int_ll_ptr.o(.text)
    _printf_hex_ptr                          0x0801db3f   Thumb Code    18  _printf_hex_int_ll_ptr.o(.text)
    __printf                                 0x0801db55   Thumb Code   388  __printf_flags_ss_wp.o(.text)
    __0sscanf                                0x0801dcdd   Thumb Code    52  __0sscanf.o(.text)
    _scanf_int                               0x0801dd19   Thumb Code   332  _scanf_int.o(.text)
    srand                                    0x0801de65   Thumb Code    42  rand.o(.text)
    _rand_init                               0x0801de8f   Thumb Code     4  rand.o(.text)
    strchr                                   0x0801dea1   Thumb Code    20  strchr.o(.text)
    strcpy                                   0x0801deb5   Thumb Code    72  strcpy.o(.text)
    strlen                                   0x0801defd   Thumb Code    62  strlen.o(.text)
    strncmp                                  0x0801df3b   Thumb Code   150  strncmp.o(.text)
    __aeabi_memcpy                           0x0801dfd1   Thumb Code     0  rt_memcpy_v6.o(.text)
    __rt_memcpy                              0x0801dfd1   Thumb Code   138  rt_memcpy_v6.o(.text)
    _memcpy_lastbytes                        0x0801e037   Thumb Code     0  rt_memcpy_v6.o(.text)
    __aeabi_memcpy4                          0x0801e05b   Thumb Code     0  rt_memcpy_w.o(.text)
    __aeabi_memcpy8                          0x0801e05b   Thumb Code     0  rt_memcpy_w.o(.text)
    __rt_memcpy_w                            0x0801e05b   Thumb Code   100  rt_memcpy_w.o(.text)
    _memcpy_lastbytes_aligned                0x0801e0a3   Thumb Code     0  rt_memcpy_w.o(.text)
    __aeabi_memset                           0x0801e0bf   Thumb Code    16  aeabi_memset.o(.text)
    __aeabi_memclr4                          0x0801e0cf   Thumb Code     0  rt_memclr_w.o(.text)
    __aeabi_memclr8                          0x0801e0cf   Thumb Code     0  rt_memclr_w.o(.text)
    __rt_memclr_w                            0x0801e0cf   Thumb Code    78  rt_memclr_w.o(.text)
    _memset_w                                0x0801e0d3   Thumb Code     0  rt_memclr_w.o(.text)
    strncpy                                  0x0801e11d   Thumb Code    86  strncpy.o(.text)
    __use_two_region_memory                  0x0801e173   Thumb Code     2  heapauxi.o(.text)
    __rt_heap_escrow                         0x0801e175   Thumb Code     2  heapauxi.o(.text)
    __rt_heap_expand                         0x0801e177   Thumb Code     2  heapauxi.o(.text)
    __I$use$semihosting                      0x0801e179   Thumb Code     0  use_no_semi.o(.text)
    __use_no_semihosting_swi                 0x0801e179   Thumb Code     2  use_no_semi.o(.text)
    __rt_ctype_table                         0x0801e17d   Thumb Code    16  rt_ctype_table.o(.text)
    __rt_heap_descriptor                     0x0801e18d   Thumb Code     8  rt_heap_descriptor_intlibspace.o(.text)
    __use_no_heap                            0x0801e195   Thumb Code     2  hguard.o(.text)
    __heap$guard                             0x0801e197   Thumb Code     2  hguard.o(.text)
    _terminate_user_alloc                    0x0801e199   Thumb Code     2  init_alloc.o(.text)
    _init_user_alloc                         0x0801e19b   Thumb Code     2  init_alloc.o(.text)
    __Heap_Full                              0x0801e19d   Thumb Code    34  init_alloc.o(.text)
    __Heap_Broken                            0x0801e1bf   Thumb Code     6  init_alloc.o(.text)
    _init_alloc                              0x0801e1c5   Thumb Code    94  init_alloc.o(.text)
    __Heap_Initialize                        0x0801e223   Thumb Code    10  h1_init.o(.text)
    __Heap_DescSize                          0x0801e22d   Thumb Code     4  h1_init.o(.text)
    __aeabi_uldivmod                         0x0801e231   Thumb Code     0  lludivv7m.o(.text)
    _ll_udiv                                 0x0801e231   Thumb Code   238  lludivv7m.o(.text)
    __read_errno                             0x0801e31f   Thumb Code    10  _rserrno.o(.text)
    __set_errno                              0x0801e329   Thumb Code    12  _rserrno.o(.text)
    _printf_truncate_signed                  0x0801e335   Thumb Code    18  _printf_truncate.o(.text)
    _printf_truncate_unsigned                0x0801e347   Thumb Code    18  _printf_truncate.o(.text)
    _printf_int_common                       0x0801e359   Thumb Code   178  _printf_intcommon.o(.text)
    _printf_charcount                        0x0801e40b   Thumb Code    40  _printf_charcount.o(.text)
    __lib_sel_fp_printf                      0x0801e433   Thumb Code     2  _printf_fp_dec.o(.text)
    _printf_fp_dec_real                      0x0801e5e1   Thumb Code   620  _printf_fp_dec.o(.text)
    _printf_char_common                      0x0801e857   Thumb Code    32  _printf_char_common.o(.text)
    _sputc                                   0x0801e87d   Thumb Code    10  _sputc.o(.text)
    _snputc                                  0x0801e887   Thumb Code    16  _snputc.o(.text)
    _printf_cs_common                        0x0801e897   Thumb Code    20  _printf_char.o(.text)
    _printf_char                             0x0801e8ab   Thumb Code    16  _printf_char.o(.text)
    _printf_string                           0x0801e8bb   Thumb Code     8  _printf_char.o(.text)
    _printf_char_file                        0x0801e8c5   Thumb Code    32  _printf_char_file.o(.text)
    _printf_wctomb                           0x0801e8e9   Thumb Code   182  _printf_wctomb.o(.text)
    _printf_longlong_dec                     0x0801e9a5   Thumb Code   108  _printf_longlong_dec.o(.text)
    _printf_longlong_oct                     0x0801ea21   Thumb Code    68  _printf_oct_int_ll.o(.text)
    _printf_int_oct                          0x0801ea65   Thumb Code    24  _printf_oct_int_ll.o(.text)
    _printf_ll_oct                           0x0801ea7d   Thumb Code    12  _printf_oct_int_ll.o(.text)
    _chval                                   0x0801ea91   Thumb Code    28  _chval.o(.text)
    _scanf_really_real                       0x0801eca9   Thumb Code   668  scanf_fp.o(.text)
    __vfscanf_char                           0x0801ef5d   Thumb Code    24  scanf_char.o(.text)
    _sgetc                                   0x0801ef7d   Thumb Code    30  _sgetc.o(.text)
    _sbackspace                              0x0801ef9b   Thumb Code    34  _sgetc.o(.text)
    __aeabi_memclr                           0x0801efbd   Thumb Code     0  rt_memclr.o(.text)
    __rt_memclr                              0x0801efbd   Thumb Code    68  rt_memclr.o(.text)
    _memset                                  0x0801efc1   Thumb Code     0  rt_memclr.o(.text)
    __user_libspace                          0x0801f001   Thumb Code     8  libspace.o(.text)
    __user_perproc_libspace                  0x0801f001   Thumb Code     0  libspace.o(.text)
    __user_perthread_libspace                0x0801f001   Thumb Code     0  libspace.o(.text)
    __rt_locale                              0x0801f009   Thumb Code     8  rt_locale_intlibspace.o(.text)
    __aeabi_errno_addr                       0x0801f011   Thumb Code     8  rt_errno_addr_intlibspace.o(.text)
    __errno$intlibspace                      0x0801f011   Thumb Code     0  rt_errno_addr_intlibspace.o(.text)
    __rt_errno_addr$intlibspace              0x0801f011   Thumb Code     0  rt_errno_addr_intlibspace.o(.text)
    __Heap_ProvideMemory                     0x0801f019   Thumb Code    52  h1_extend.o(.text)
    _ll_udiv10                               0x0801f04d   Thumb Code   138  lludiv10.o(.text)
    isspace                                  0x0801f0d7   Thumb Code    18  isspace.o(.text)
    _printf_fp_hex_real                      0x0801f0e9   Thumb Code   754  _printf_fp_hex.o(.text)
    _printf_fp_infnan                        0x0801f3e5   Thumb Code   112  _printf_fp_infnan.o(.text)
    _printf_lcs_common                       0x0801f465   Thumb Code    20  _printf_wchar.o(.text)
    _printf_wchar                            0x0801f479   Thumb Code    16  _printf_wchar.o(.text)
    _printf_wstring                          0x0801f489   Thumb Code     8  _printf_wchar.o(.text)
    __vfscanf                                0x0801f491   Thumb Code   878  _scanf.o(.text)
    _btod_etento                             0x0801f805   Thumb Code   216  bigflt0.o(.text)
    ferror                                   0x0801f8e1   Thumb Code     8  ferror.o(.text)
    _wcrtomb                                 0x0801f8e9   Thumb Code    64  _wcrtomb.o(.text)
    __rt_SIGRTMEM                            0x0801f929   Thumb Code    14  defsig_rtmem_outer.o(.text)
    __user_setup_stackheap                   0x0801f937   Thumb Code    74  sys_stackheap_outer.o(.text)
    _scanf_really_hex_real                   0x0801f981   Thumb Code   778  scanf_hexfp.o(.text)
    _scanf_really_infnan                     0x0801fc99   Thumb Code   292  scanf_infnan.o(.text)
    exit                                     0x0801fdcd   Thumb Code    12  exit.o(.text)
    __sig_exit                               0x0801fdd9   Thumb Code    10  defsig_exit.o(.text)
    __rt_SIGRTMEM_inner                      0x0801fde5   Thumb Code    22  defsig_rtmem_inner.o(.text)
    strcmp                                   0x0801fe35   Thumb Code   128  strcmpv7m.o(.text)
    __aeabi_llsl                             0x0801feb5   Thumb Code     0  llshl.o(.text)
    _ll_shift_l                              0x0801feb5   Thumb Code    38  llshl.o(.text)
    __default_signal_display                 0x0801fedb   Thumb Code    50  defsig_general.o(.text)
    _btod_d2e                                0x0801ff0d   Thumb Code    62  btod.o(CL$$btod_d2e)
    _d2e_denorm_low                          0x0801ff4b   Thumb Code    70  btod.o(CL$$btod_d2e_denorm_low)
    _d2e_norm_op1                            0x0801ff91   Thumb Code    96  btod.o(CL$$btod_d2e_norm_op1)
    __btod_div_common                        0x0801fff1   Thumb Code   696  btod.o(CL$$btod_div_common)
    _e2d                                     0x08020329   Thumb Code    80  btod.o(CL$$btod_e2d)
    _e2e                                     0x0802037d   Thumb Code   198  btod.o(CL$$btod_e2e)
    _btod_ediv                               0x08020443   Thumb Code    40  btod.o(CL$$btod_ediv)
    _btod_edivd                              0x0802046b   Thumb Code    40  btod.o(CL$$btod_edivd)
    _btod_emul                               0x08020493   Thumb Code    40  btod.o(CL$$btod_emul)
    _btod_emuld                              0x080204bb   Thumb Code    40  btod.o(CL$$btod_emuld)
    __btod_mult_common                       0x080204e3   Thumb Code   580  btod.o(CL$$btod_mult_common)
    __ARM_fpclassify                         0x08020727   Thumb Code    48  fpclassify.o(i.__ARM_fpclassify)
    __hardfp_fabs                            0x08020757   Thumb Code    20  fabs.o(i.__hardfp_fabs)
    __hardfp_floor                           0x08020771   Thumb Code   252  floor.o(i.__hardfp_floor)
    __hardfp_ldexp                           0x08020889   Thumb Code   200  ldexp.o(i.__hardfp_ldexp)
    __hardfp_pow                             0x08020959   Thumb Code  3044  pow.o(i.__hardfp_pow)
    __hardfp_round                           0x08021591   Thumb Code   194  round.o(i.__hardfp_round)
    __kernel_poly                            0x08021671   Thumb Code   248  poly.o(i.__kernel_poly)
    __mathlib_dbl_divzero                    0x08021769   Thumb Code    28  dunder.o(i.__mathlib_dbl_divzero)
    __mathlib_dbl_infnan2                    0x08021799   Thumb Code    20  dunder.o(i.__mathlib_dbl_infnan2)
    __mathlib_dbl_invalid                    0x080217b1   Thumb Code    24  dunder.o(i.__mathlib_dbl_invalid)
    __mathlib_dbl_overflow                   0x080217d1   Thumb Code    24  dunder.o(i.__mathlib_dbl_overflow)
    __mathlib_dbl_underflow                  0x080217f1   Thumb Code    24  dunder.o(i.__mathlib_dbl_underflow)
    __mathlib_narrow                         0x08021811   Thumb Code   166  narrow.o(i.__mathlib_narrow)
    __support_ldexp                          0x080218c9   Thumb Code    20  ldexp.o(i.__support_ldexp)
    _is_digit                                0x080218dd   Thumb Code    14  __printf_wp.o(i._is_digit)
    fabs                                     0x080218eb   Thumb Code    24  fabs.o(i.fabs)
    frexp                                    0x08021909   Thumb Code   118  frexp.o(i.frexp)
    sqrt                                     0x08021995   Thumb Code   110  sqrt.o(i.sqrt)
    _get_lc_ctype                            0x08021a05   Thumb Code    44  lc_ctype_c.o(locale$$code)
    _get_lc_numeric                          0x08021a31   Thumb Code    44  lc_numeric_c.o(locale$$code)
    __aeabi_dneg                             0x08021a5d   Thumb Code     0  basic.o(x$fpl$basic)
    _dneg                                    0x08021a5d   Thumb Code     6  basic.o(x$fpl$basic)
    __aeabi_fneg                             0x08021a63   Thumb Code     0  basic.o(x$fpl$basic)
    _fneg                                    0x08021a63   Thumb Code     6  basic.o(x$fpl$basic)
    _dabs                                    0x08021a69   Thumb Code     6  basic.o(x$fpl$basic)
    _fabs                                    0x08021a6f   Thumb Code     6  basic.o(x$fpl$basic)
    __aeabi_d2f                              0x08021a75   Thumb Code     0  d2f.o(x$fpl$d2f)
    _d2f                                     0x08021a75   Thumb Code    98  d2f.o(x$fpl$d2f)
    __aeabi_dadd                             0x08021ad9   Thumb Code     0  daddsub_clz.o(x$fpl$dadd)
    _dadd                                    0x08021ad9   Thumb Code   332  daddsub_clz.o(x$fpl$dadd)
    __fpl_dcheck_NaN1                        0x08021c29   Thumb Code    10  dcheck1.o(x$fpl$dcheck1)
    __fpl_dcmp_Inf                           0x08021c39   Thumb Code    24  dcmpi.o(x$fpl$dcmpinf)
    __aeabi_ddiv                             0x08021c51   Thumb Code     0  ddiv.o(x$fpl$ddiv)
    _ddiv                                    0x08021c51   Thumb Code   552  ddiv.o(x$fpl$ddiv)
    __aeabi_cdcmpeq                          0x08021f01   Thumb Code     0  deqf.o(x$fpl$deqf)
    _dcmpeq                                  0x08021f01   Thumb Code   120  deqf.o(x$fpl$deqf)
    __aeabi_d2iz                             0x08021f79   Thumb Code     0  dfix.o(x$fpl$dfix)
    _dfix                                    0x08021f79   Thumb Code    94  dfix.o(x$fpl$dfix)
    __aeabi_i2d                              0x08021fd7   Thumb Code     0  dflt_clz.o(x$fpl$dflt)
    _dflt                                    0x08021fd7   Thumb Code    46  dflt_clz.o(x$fpl$dflt)
    __aeabi_ui2d                             0x08022005   Thumb Code     0  dflt_clz.o(x$fpl$dfltu)
    _dfltu                                   0x08022005   Thumb Code    38  dflt_clz.o(x$fpl$dfltu)
    __aeabi_cdcmple                          0x0802202d   Thumb Code     0  dleqf.o(x$fpl$dleqf)
    _dcmple                                  0x0802202d   Thumb Code   120  dleqf.o(x$fpl$dleqf)
    __fpl_dcmple_InfNaN                      0x0802208f   Thumb Code     0  dleqf.o(x$fpl$dleqf)
    __aeabi_dmul                             0x080220a5   Thumb Code     0  dmul.o(x$fpl$dmul)
    _dmul                                    0x080220a5   Thumb Code   332  dmul.o(x$fpl$dmul)
    __fpl_dnaninf                            0x080221f9   Thumb Code   156  dnaninf.o(x$fpl$dnaninf)
    __fpl_dretinf                            0x08022295   Thumb Code    12  dretinf.o(x$fpl$dretinf)
    __aeabi_cdrcmple                         0x080222a1   Thumb Code     0  drleqf.o(x$fpl$drleqf)
    _drcmple                                 0x080222a1   Thumb Code   108  drleqf.o(x$fpl$drleqf)
    _drnd                                    0x0802230d   Thumb Code   180  drnd.o(x$fpl$drnd)
    __aeabi_drsub                            0x080223c1   Thumb Code     0  daddsub_clz.o(x$fpl$drsb)
    _drsb                                    0x080223c1   Thumb Code    22  daddsub_clz.o(x$fpl$drsb)
    _dsqrt                                   0x080223d9   Thumb Code   404  dsqrt_umaal.o(x$fpl$dsqrt)
    __aeabi_dsub                             0x08022571   Thumb Code     0  daddsub_clz.o(x$fpl$dsub)
    _dsub                                    0x08022571   Thumb Code   464  daddsub_clz.o(x$fpl$dsub)
    __aeabi_f2d                              0x08022745   Thumb Code     0  f2d.o(x$fpl$f2d)
    _f2d                                     0x08022745   Thumb Code    86  f2d.o(x$fpl$f2d)
    __fpl_fnaninf                            0x0802279b   Thumb Code   140  fnaninf.o(x$fpl$fnaninf)
    _fp_init                                 0x08022827   Thumb Code    10  fpinit.o(x$fpl$fpinit)
    __fplib_config_fpu_vfp                   0x0802282f   Thumb Code     0  fpinit.o(x$fpl$fpinit)
    __fplib_config_pureend_doubles           0x0802282f   Thumb Code     0  fpinit.o(x$fpl$fpinit)
    __fpl_fretinf                            0x08022831   Thumb Code    10  fretinf.o(x$fpl$fretinf)
    _printf_fp_dec                           0x0802283b   Thumb Code     4  printf1.o(x$fpl$printf1)
    _printf_fp_hex                           0x0802283f   Thumb Code     4  printf2.o(x$fpl$printf2)
    __fpl_return_NaN                         0x08022843   Thumb Code   100  retnan.o(x$fpl$retnan)
    __ARM_scalbn                             0x080228a7   Thumb Code    92  scalbn.o(x$fpl$scalbn)
    _scanf_real                              0x08022903   Thumb Code     4  scanf1.o(x$fpl$scanf1)
    _scanf_hex_real                          0x08022907   Thumb Code     4  scanf2.o(x$fpl$scanf2)
    _scanf_infnan                            0x0802290b   Thumb Code     4  scanf2.o(x$fpl$scanf2)
    __fpl_cmpreturn                          0x0802290f   Thumb Code    48  trapv.o(x$fpl$trapveneer)
    __I$use$fp                               0x0802293e   Number         0  usenofp.o(x$fpl$usenofp)
    __mathlib_zero                           0x0804d620   Data           8  qnan.o(.constdata)
    Region$$Table$$Base                      0x0804dc48   Number         0  anon$$obj.o(Region$$Table)
    Region$$Table$$Limit                     0x0804dc68   Number         0  anon$$obj.o(Region$$Table)
    __aeabi_HUGE_VAL                         0x0804dc68   Data           0  fpconst.o(c$$dinf)
    __aeabi_HUGE_VALL                        0x0804dc68   Data           0  fpconst.o(c$$dinf)
    __aeabi_INFINITY                         0x0804dc68   Data           0  fpconst.o(c$$dinf)
    __dInf                                   0x0804dc68   Data           0  fpconst.o(c$$dinf)
    __huge_val                               0x0804dc68   Data           0  fpconst.o(c$$dinf)
    __ctype                                  0x0804dc7d   Data           0  lc_ctype_c.o(locale$$data)
    SystemCoreClock                          0x10000000   Data           4  system_stm32f4xx.o(.data)
    AHBPrescTable                            0x10000004   Data          16  system_stm32f4xx.o(.data)
    weight_count                             0x10000014   Data           4  user_task.o(.data)
    eDevice_Status                           0x10000070   Data           1  user_task.o(.data)
    eDevice_Status1                          0x10000071   Data           1  user_task.o(.data)
    StartTask_Handler                        0x10000074   Data           4  user_task.o(.data)
    DctftTask_Handler                        0x10000078   Data           4  user_task.o(.data)
    LED0Task_Handler                         0x1000007c   Data           4  user_task.o(.data)
    WorkTask_Handler                         0x10000080   Data           4  user_task.o(.data)
    CANREC_Task_Handler                      0x10000084   Data           4  user_task.o(.data)
    CANSEND_Task_Handler                     0x10000088   Data           4  user_task.o(.data)
    S_DATATask_Handler                       0x1000008c   Data           4  user_task.o(.data)
    UartDebugTask_Handler                    0x10000090   Data           4  user_task.o(.data)
    StatusUpdates_Timer_Handle               0x10000094   Data           4  user_task.o(.data)
    uc_sensor_status                         0x10000098   Data           1  user_task.o(.data)
    canRecQueue_Handler                      0x1000009c   Data           4  user_task.o(.data)
    canSendQueue_Handler                     0x100000a0   Data           4  user_task.o(.data)
    uartDebugQueue_Handler                   0x100000a4   Data           4  user_task.o(.data)
    EventGroupHandler                        0x100000a8   Data           4  user_task.o(.data)
    myString                                 0x100000c4   Data         392  mystring.o(.data)
    timer_tick_count                         0x10000258   Data           4  cmd_process.o(.data)
    current_screen_id                        0x1000025c   Data           2  cmd_process.o(.data)
    AD_DRDY                                  0x1000026c   Data           4  ads126x.o(.data)
    M_ALL                                    0x100002d0   Data           4  load_sensor.o(.data)
    Edata                                    0x100002ec   Data         100  24cxx.o(.data)
    pEdata                                   0x10000350   Data           4  24cxx.o(.data)
    pxCurrentTCB                             0x10000354   Data           4  tasks.o(.data)
    fs                                       0x100003d0   Data           4  exfuns.o(.data)
    file                                     0x100003d4   Data           4  exfuns.o(.data)
    br                                       0x100003d8   Data           4  exfuns.o(.data)
    bw                                       0x100003dc   Data           4  exfuns.o(.data)
    fatbuf                                   0x100003e0   Data           4  exfuns.o(.data)
    TransferError                            0x100003ee   Data           1  sdio_sdcard.o(.data)
    TransferEnd                              0x100003ef   Data           1  sdio_sdcard.o(.data)
    tempbuff                                 0x100003f0   Data           4  sdio_sdcard.o(.data)
    __stdout                                 0x10000408   Data           4  usart.o(.data)
    cmd_buffer                               0x10000e7c   Data         128  cmd_process.o(.bss)
    sRtc_time                                0x10000efc   Data          32  cmd_process.o(.bss)
    _time                                    0x10000f1c   Data          64  cmd_process.o(.bss)
    xQueueRegistry                           0x100011f8   Data          64  queue.o(.bss)
    SDIO_InitStructure                       0x10001548   Data          24  sdio_sdcard.o(.bss)
    SDIO_CmdInitStructure                    0x10001560   Data          20  sdio_sdcard.o(.bss)
    SDIO_DataInitStructure                   0x10001574   Data          24  sdio_sdcard.o(.bss)
    SDCardInfo                               0x100015b0   Data          88  sdio_sdcard.o(.bss)
    SDIO_DATA_BUFFER                         0x10001608   Data         512  sdio_sdcard.o(.bss)
    _random_number_data                      0x10001808   Data         228  rand.o(.bss)
    __libspace_start                         0x100018ec   Data          96  libspace.o(.bss)
    __temporary_stack_top$libspace           0x1000194c   Data           0  libspace.o(.bss)



==============================================================================

Memory Map of the image

  Image Entry point : 0x08000189

  Load Region LR_IROM1 (Base: 0x08000000, Size: 0x0004e1a8, Max: 0x00100000, ABSOLUTE, COMPRESSED[0x0004df38])

    Execution Region ER_IROM1 (Base: 0x08000000, Size: 0x0004dd9c, Max: 0x00100000, ABSOLUTE)

    Base Addr    Size         Type   Attr      Idx    E Section Name        Object

    0x08000000   0x00000188   Data   RO         1585    RESET               startup_stm32f40_41xxx.o
    0x08000188   0x00000008   Code   RO         1779  * !!!main             c_w.l(__main.o)
    0x08000190   0x00000034   Code   RO         2313    !!!scatter          c_w.l(__scatter.o)
    0x080001c4   0x0000005a   Code   RO         2311    !!dczerorl2         c_w.l(__dczerorl2.o)
    0x0800021e   0x00000002   PAD
    0x08000220   0x0000001c   Code   RO         2315    !!handler_zi        c_w.l(__scatter_zi.o)
    0x0800023c   0x00000000   Code   RO         1749    .ARM.Collect$$_printf_percent$$00000000  c_w.l(_printf_percent.o)
    0x0800023c   0x00000006   Code   RO         1926    .ARM.Collect$$_printf_percent$$00000001  c_w.l(_printf_n.o)
    0x08000242   0x00000006   Code   RO         1927    .ARM.Collect$$_printf_percent$$00000002  c_w.l(_printf_p.o)
    0x08000248   0x00000006   Code   RO         1747    .ARM.Collect$$_printf_percent$$00000003  c_w.l(_printf_f.o)
    0x0800024e   0x00000006   Code   RO         1748    .ARM.Collect$$_printf_percent$$00000004  c_w.l(_printf_e.o)
    0x08000254   0x00000006   Code   RO         1930    .ARM.Collect$$_printf_percent$$00000005  c_w.l(_printf_g.o)
    0x0800025a   0x00000006   Code   RO         1931    .ARM.Collect$$_printf_percent$$00000006  c_w.l(_printf_a.o)
    0x08000260   0x0000000a   Code   RO         1936    .ARM.Collect$$_printf_percent$$00000007  c_w.l(_printf_ll.o)
    0x0800026a   0x00000006   Code   RO         1929    .ARM.Collect$$_printf_percent$$00000008  c_w.l(_printf_i.o)
    0x08000270   0x00000006   Code   RO         1745    .ARM.Collect$$_printf_percent$$00000009  c_w.l(_printf_d.o)
    0x08000276   0x00000006   Code   RO         1746    .ARM.Collect$$_printf_percent$$0000000A  c_w.l(_printf_u.o)
    0x0800027c   0x00000006   Code   RO         1928    .ARM.Collect$$_printf_percent$$0000000B  c_w.l(_printf_o.o)
    0x08000282   0x00000006   Code   RO         1744    .ARM.Collect$$_printf_percent$$0000000C  c_w.l(_printf_x.o)
    0x08000288   0x00000006   Code   RO         1933    .ARM.Collect$$_printf_percent$$0000000D  c_w.l(_printf_lli.o)
    0x0800028e   0x00000006   Code   RO         1934    .ARM.Collect$$_printf_percent$$0000000E  c_w.l(_printf_lld.o)
    0x08000294   0x00000006   Code   RO         1935    .ARM.Collect$$_printf_percent$$0000000F  c_w.l(_printf_llu.o)
    0x0800029a   0x00000006   Code   RO         1940    .ARM.Collect$$_printf_percent$$00000010  c_w.l(_printf_llo.o)
    0x080002a0   0x00000006   Code   RO         1941    .ARM.Collect$$_printf_percent$$00000011  c_w.l(_printf_llx.o)
    0x080002a6   0x0000000a   Code   RO         1937    .ARM.Collect$$_printf_percent$$00000012  c_w.l(_printf_l.o)
    0x080002b0   0x00000006   Code   RO         1742    .ARM.Collect$$_printf_percent$$00000013  c_w.l(_printf_c.o)
    0x080002b6   0x00000006   Code   RO         1743    .ARM.Collect$$_printf_percent$$00000014  c_w.l(_printf_s.o)
    0x080002bc   0x00000006   Code   RO         1938    .ARM.Collect$$_printf_percent$$00000015  c_w.l(_printf_lc.o)
    0x080002c2   0x00000006   Code   RO         1939    .ARM.Collect$$_printf_percent$$00000016  c_w.l(_printf_ls.o)
    0x080002c8   0x00000004   Code   RO         1932    .ARM.Collect$$_printf_percent$$00000017  c_w.l(_printf_percent_end.o)
    0x080002cc   0x00000002   Code   RO         2223    .ARM.Collect$$libinit$$00000000  c_w.l(libinit.o)
    0x080002ce   0x00000004   Code   RO         1954    .ARM.Collect$$libinit$$00000001  c_w.l(libinit2.o)
    0x080002d2   0x00000000   Code   RO         1957    .ARM.Collect$$libinit$$00000004  c_w.l(libinit2.o)
    0x080002d2   0x00000008   Code   RO         1958    .ARM.Collect$$libinit$$00000005  c_w.l(libinit2.o)
    0x080002da   0x00000000   Code   RO         1960    .ARM.Collect$$libinit$$0000000A  c_w.l(libinit2.o)
    0x080002da   0x00000000   Code   RO         1962    .ARM.Collect$$libinit$$0000000C  c_w.l(libinit2.o)
    0x080002da   0x00000004   Code   RO         1963    .ARM.Collect$$libinit$$0000000D  c_w.l(libinit2.o)
    0x080002de   0x00000000   Code   RO         1964    .ARM.Collect$$libinit$$0000000E  c_w.l(libinit2.o)
    0x080002de   0x00000006   Code   RO         1965    .ARM.Collect$$libinit$$0000000F  c_w.l(libinit2.o)
    0x080002e4   0x00000000   Code   RO         1967    .ARM.Collect$$libinit$$00000011  c_w.l(libinit2.o)
    0x080002e4   0x0000000c   Code   RO         1968    .ARM.Collect$$libinit$$00000012  c_w.l(libinit2.o)
    0x080002f0   0x00000000   Code   RO         1969    .ARM.Collect$$libinit$$00000013  c_w.l(libinit2.o)
    0x080002f0   0x00000000   Code   RO         1971    .ARM.Collect$$libinit$$00000015  c_w.l(libinit2.o)
    0x080002f0   0x0000000a   Code   RO         1972    .ARM.Collect$$libinit$$00000016  c_w.l(libinit2.o)
    0x080002fa   0x00000000   Code   RO         1973    .ARM.Collect$$libinit$$00000017  c_w.l(libinit2.o)
    0x080002fa   0x00000000   Code   RO         1975    .ARM.Collect$$libinit$$00000019  c_w.l(libinit2.o)
    0x080002fa   0x00000000   Code   RO         1977    .ARM.Collect$$libinit$$0000001B  c_w.l(libinit2.o)
    0x080002fa   0x00000000   Code   RO         1979    .ARM.Collect$$libinit$$0000001D  c_w.l(libinit2.o)
    0x080002fa   0x00000000   Code   RO         1981    .ARM.Collect$$libinit$$0000001F  c_w.l(libinit2.o)
    0x080002fa   0x00000000   Code   RO         1983    .ARM.Collect$$libinit$$00000021  c_w.l(libinit2.o)
    0x080002fa   0x00000000   Code   RO         1985    .ARM.Collect$$libinit$$00000023  c_w.l(libinit2.o)
    0x080002fa   0x00000000   Code   RO         1987    .ARM.Collect$$libinit$$00000025  c_w.l(libinit2.o)
    0x080002fa   0x00000000   Code   RO         1991    .ARM.Collect$$libinit$$0000002C  c_w.l(libinit2.o)
    0x080002fa   0x00000000   Code   RO         1993    .ARM.Collect$$libinit$$0000002E  c_w.l(libinit2.o)
    0x080002fa   0x00000000   Code   RO         1995    .ARM.Collect$$libinit$$00000030  c_w.l(libinit2.o)
    0x080002fa   0x00000000   Code   RO         1997    .ARM.Collect$$libinit$$00000032  c_w.l(libinit2.o)
    0x080002fa   0x00000002   Code   RO         1998    .ARM.Collect$$libinit$$00000033  c_w.l(libinit2.o)
    0x080002fc   0x00000002   Code   RO         2308    .ARM.Collect$$libshutdown$$00000000  c_w.l(libshutdown.o)
    0x080002fe   0x00000000   Code   RO         2250    .ARM.Collect$$libshutdown$$00000003  c_w.l(libshutdown2.o)
    0x080002fe   0x00000000   Code   RO         2253    .ARM.Collect$$libshutdown$$00000006  c_w.l(libshutdown2.o)
    0x080002fe   0x00000000   Code   RO         2256    .ARM.Collect$$libshutdown$$00000009  c_w.l(libshutdown2.o)
    0x080002fe   0x00000000   Code   RO         2258    .ARM.Collect$$libshutdown$$0000000B  c_w.l(libshutdown2.o)
    0x080002fe   0x00000000   Code   RO         2261    .ARM.Collect$$libshutdown$$0000000E  c_w.l(libshutdown2.o)
    0x080002fe   0x00000002   Code   RO         2262    .ARM.Collect$$libshutdown$$0000000F  c_w.l(libshutdown2.o)
    0x08000300   0x00000000   Code   RO         1865    .ARM.Collect$$rtentry$$00000000  c_w.l(__rtentry.o)
    0x08000300   0x00000000   Code   RO         2071    .ARM.Collect$$rtentry$$00000002  c_w.l(__rtentry2.o)
    0x08000300   0x00000006   Code   RO         2083    .ARM.Collect$$rtentry$$00000004  c_w.l(__rtentry4.o)
    0x08000306   0x00000000   Code   RO         2073    .ARM.Collect$$rtentry$$00000009  c_w.l(__rtentry2.o)
    0x08000306   0x00000004   Code   RO         2074    .ARM.Collect$$rtentry$$0000000A  c_w.l(__rtentry2.o)
    0x0800030a   0x00000000   Code   RO         2076    .ARM.Collect$$rtentry$$0000000C  c_w.l(__rtentry2.o)
    0x0800030a   0x00000008   Code   RO         2077    .ARM.Collect$$rtentry$$0000000D  c_w.l(__rtentry2.o)
    0x08000312   0x00000002   Code   RO         2232    .ARM.Collect$$rtexit$$00000000  c_w.l(rtexit.o)
    0x08000314   0x00000000   Code   RO         2282    .ARM.Collect$$rtexit$$00000002  c_w.l(rtexit2.o)
    0x08000314   0x00000004   Code   RO         2283    .ARM.Collect$$rtexit$$00000003  c_w.l(rtexit2.o)
    0x08000318   0x00000006   Code   RO         2284    .ARM.Collect$$rtexit$$00000004  c_w.l(rtexit2.o)
    0x0800031e   0x00000002   PAD
    0x08000320   0x000000be   Code   RO         1043    .emb_text           port.o
    0x080003de   0x00000002   PAD
    0x080003e0   0x00000010   Code   RO         1534    .emb_text           sys.o
    0x080003f0   0x00000034   Code   RO         1754    .emb_text           c_w.l(rand.o)
    0x08000424   0x00000000   Code   RO         2101    .emb_text           c_w.l(maybetermalloc1.o)
    0x08000424   0x000001a4   Code   RO            3    .text               main.o
    0x080005c8   0x00000014   Code   RO          258    .text               stm32f4xx_it.o
    0x080005dc   0x00000210   Code   RO          307    .text               system_stm32f4xx.o
    0x080007ec   0x000026a4   Code   RO          333    .text               user_task.o
    0x08002e90   0x00001b5a   Code   RO          390    .text               cjson.o
    0x080049ea   0x00000002   PAD
    0x080049ec   0x00000054   Code   RO          432    .text               mystring.o
    0x08004a40   0x00000338   Code   RO          459    .text               hardcontrol.o
    0x08004d78   0x00000078   Code   RO          505    .text               led.o
    0x08004df0   0x00000114   Code   RO          525    .text               cmd_queue.o
    0x08004f04   0x0000274a   Code   RO          548    .text               hmi_driver.o
    0x0800764e   0x00000002   PAD
    0x08007650   0x000000dc   Code   RO          568    .text               hmi_user_uart.o
    0x0800772c   0x0000126c   Code   RO          588    .text               cmd_process.o
    0x08008998   0x0000002c   Code   RO          616    .text               iwdg.o
    0x080089c4   0x00000438   Code   RO          636    .text               uart_rfid.o
    0x08008dfc   0x000008d0   Code   RO          659    .text               ads126x.o
    0x080096cc   0x00007a58   Code   RO          721    .text               load_sensor.o
    0x08011124   0x000000dc   Code   RO          746    .text               my_spi.o
    0x08011200   0x000001c0   Code   RO          789    .text               can.o
    0x080113c0   0x00000258   Code   RO          809    .text               24cxx.o
    0x08011618   0x00000268   Code   RO          841    .text               myiic.o
    0x08011880   0x0000045e   Code   RO          878    .text               event_groups.o
    0x08011cde   0x00000094   Code   RO          926    .text               list.o
    0x08011d72   0x00000002   PAD
    0x08011d74   0x00000fd0   Code   RO          949    .text               queue.o
    0x08012d44   0x00001988   Code   RO          978    .text               tasks.o
    0x080146cc   0x0000064c   Code   RO         1017    .text               timers.o
    0x08014d18   0x0000033c   Code   RO         1044    .text               port.o
    0x08015054   0x000002f8   Code   RO         1081    .text               heap_5.o
    0x0801534c   0x00000224   Code   RO         1103    .text               diskio.o
    0x08015570   0x00003f06   Code   RO         1124    .text               ff.o
    0x08019476   0x00000050   Code   RO         1151    .text               ffsystem.o
    0x080194c6   0x00000002   PAD
    0x080194c8   0x00000188   Code   RO         1171    .text               ffunicode.o
    0x08019650   0x000000dc   Code   RO         1193    .text               exfuns.o
    0x0801972c   0x00001d60   Code   RO         1220    .text               sdio_sdcard.o
    0x0801b48c   0x000000e0   Code   RO         1247    .text               misc.o
    0x0801b56c   0x00000294   Code   RO         1267    .text               stm32f4xx_gpio.o
    0x0801b800   0x0000065c   Code   RO         1287    .text               stm32f4xx_rcc.o
    0x0801be5c   0x00000094   Code   RO         1309    .text               stm32f4xx_syscfg.o
    0x0801bef0   0x00000454   Code   RO         1329    .text               stm32f4xx_usart.o
    0x0801c344   0x00000110   Code   RO         1349    .text               stm32f4xx_exti.o
    0x0801c454   0x000001dc   Code   RO         1412    .text               stm32f4xx_sdio.o
    0x0801c630   0x000003a8   Code   RO         1432    .text               stm32f4xx_dma.o
    0x0801c9d8   0x000009f0   Code   RO         1452    .text               stm32f4xx_can.o
    0x0801d3c8   0x00000040   Code   RO         1492    .text               stm32f4xx_iwdg.o
    0x0801d408   0x00000100   Code   RO         1512    .text               delay.o
    0x0801d508   0x000002d8   Code   RO         1552    .text               usart.o
    0x0801d7e0   0x00000040   Code   RO         1586    .text               startup_stm32f40_41xxx.o
    0x0801d820   0x00000002   Code   RO         1615    .text               c_w.l(use_no_semi_2.o)
    0x0801d822   0x0000005e   Code   RO         1621    .text               c_w.l(h1_alloc.o)
    0x0801d880   0x0000004e   Code   RO         1623    .text               c_w.l(h1_free.o)
    0x0801d8ce   0x00000048   Code   RO         1679    .text               c_w.l(llsdiv.o)
    0x0801d916   0x0000001a   Code   RO         1681    .text               c_w.l(tolower.o)
    0x0801d930   0x00000034   Code   RO         1683    .text               c_w.l(vsnprintf.o)
    0x0801d964   0x00000018   Code   RO         1685    .text               c_w.l(__2printf.o)
    0x0801d97c   0x0000002c   Code   RO         1687    .text               c_w.l(__2sprintf.o)
    0x0801d9a8   0x0000004e   Code   RO         1695    .text               c_w.l(_printf_pad.o)
    0x0801d9f6   0x00000052   Code   RO         1697    .text               c_w.l(_printf_str.o)
    0x0801da48   0x00000078   Code   RO         1699    .text               c_w.l(_printf_dec.o)
    0x0801dac0   0x00000094   Code   RO         1719    .text               c_w.l(_printf_hex_int_ll_ptr.o)
    0x0801db54   0x00000188   Code   RO         1739    .text               c_w.l(__printf_flags_ss_wp.o)
    0x0801dcdc   0x0000003c   Code   RO         1750    .text               c_w.l(__0sscanf.o)
    0x0801dd18   0x0000014c   Code   RO         1752    .text               c_w.l(_scanf_int.o)
    0x0801de64   0x0000003c   Code   RO         1755    .text               c_w.l(rand.o)
    0x0801dea0   0x00000014   Code   RO         1759    .text               c_w.l(strchr.o)
    0x0801deb4   0x00000048   Code   RO         1761    .text               c_w.l(strcpy.o)
    0x0801defc   0x0000003e   Code   RO         1763    .text               c_w.l(strlen.o)
    0x0801df3a   0x00000096   Code   RO         1765    .text               c_w.l(strncmp.o)
    0x0801dfd0   0x0000008a   Code   RO         1767    .text               c_w.l(rt_memcpy_v6.o)
    0x0801e05a   0x00000064   Code   RO         1769    .text               c_w.l(rt_memcpy_w.o)
    0x0801e0be   0x00000010   Code   RO         1771    .text               c_w.l(aeabi_memset.o)
    0x0801e0ce   0x0000004e   Code   RO         1773    .text               c_w.l(rt_memclr_w.o)
    0x0801e11c   0x00000056   Code   RO         1775    .text               c_w.l(strncpy.o)
    0x0801e172   0x00000006   Code   RO         1777    .text               c_w.l(heapauxi.o)
    0x0801e178   0x00000002   Code   RO         1861    .text               c_w.l(use_no_semi.o)
    0x0801e17a   0x00000002   PAD
    0x0801e17c   0x00000010   Code   RO         1866    .text               c_w.l(rt_ctype_table.o)
    0x0801e18c   0x00000008   Code   RO         1871    .text               c_w.l(rt_heap_descriptor_intlibspace.o)
    0x0801e194   0x00000004   Code   RO         1873    .text               c_w.l(hguard.o)
    0x0801e198   0x0000008a   Code   RO         1875    .text               c_w.l(init_alloc.o)
    0x0801e222   0x0000000e   Code   RO         1879    .text               c_w.l(h1_init.o)
    0x0801e230   0x000000ee   Code   RO         1893    .text               c_w.l(lludivv7m.o)
    0x0801e31e   0x00000016   Code   RO         1895    .text               c_w.l(_rserrno.o)
    0x0801e334   0x00000024   Code   RO         1897    .text               c_w.l(_printf_truncate.o)
    0x0801e358   0x000000b2   Code   RO         1899    .text               c_w.l(_printf_intcommon.o)
    0x0801e40a   0x00000028   Code   RO         1901    .text               c_w.l(_printf_charcount.o)
    0x0801e432   0x0000041a   Code   RO         1903    .text               c_w.l(_printf_fp_dec.o)
    0x0801e84c   0x00000030   Code   RO         1905    .text               c_w.l(_printf_char_common.o)
    0x0801e87c   0x0000000a   Code   RO         1907    .text               c_w.l(_sputc.o)
    0x0801e886   0x00000010   Code   RO         1909    .text               c_w.l(_snputc.o)
    0x0801e896   0x0000002c   Code   RO         1911    .text               c_w.l(_printf_char.o)
    0x0801e8c2   0x00000002   PAD
    0x0801e8c4   0x00000024   Code   RO         1913    .text               c_w.l(_printf_char_file.o)
    0x0801e8e8   0x000000bc   Code   RO         1915    .text               c_w.l(_printf_wctomb.o)
    0x0801e9a4   0x0000007c   Code   RO         1918    .text               c_w.l(_printf_longlong_dec.o)
    0x0801ea20   0x00000070   Code   RO         1924    .text               c_w.l(_printf_oct_int_ll.o)
    0x0801ea90   0x0000001c   Code   RO         1942    .text               c_w.l(_chval.o)
    0x0801eaac   0x000004a4   Code   RO         1944    .text               c_w.l(scanf_fp.o)
    0x0801ef50   0x0000002c   Code   RO         1946    .text               c_w.l(scanf_char.o)
    0x0801ef7c   0x00000040   Code   RO         1948    .text               c_w.l(_sgetc.o)
    0x0801efbc   0x00000044   Code   RO         1950    .text               c_w.l(rt_memclr.o)
    0x0801f000   0x00000008   Code   RO         2067    .text               c_w.l(libspace.o)
    0x0801f008   0x00000008   Code   RO         2092    .text               c_w.l(rt_locale_intlibspace.o)
    0x0801f010   0x00000008   Code   RO         2097    .text               c_w.l(rt_errno_addr_intlibspace.o)
    0x0801f018   0x00000034   Code   RO         2103    .text               c_w.l(h1_extend.o)
    0x0801f04c   0x0000008a   Code   RO         2107    .text               c_w.l(lludiv10.o)
    0x0801f0d6   0x00000012   Code   RO         2109    .text               c_w.l(isspace.o)
    0x0801f0e8   0x000002fc   Code   RO         2111    .text               c_w.l(_printf_fp_hex.o)
    0x0801f3e4   0x00000080   Code   RO         2114    .text               c_w.l(_printf_fp_infnan.o)
    0x0801f464   0x0000002c   Code   RO         2118    .text               c_w.l(_printf_wchar.o)
    0x0801f490   0x00000374   Code   RO         2120    .text               c_w.l(_scanf.o)
    0x0801f804   0x000000dc   Code   RO         2122    .text               c_w.l(bigflt0.o)
    0x0801f8e0   0x00000008   Code   RO         2147    .text               c_w.l(ferror.o)
    0x0801f8e8   0x00000040   Code   RO         2151    .text               c_w.l(_wcrtomb.o)
    0x0801f928   0x0000000e   Code   RO         2159    .text               c_w.l(defsig_rtmem_outer.o)
    0x0801f936   0x0000004a   Code   RO         2194    .text               c_w.l(sys_stackheap_outer.o)
    0x0801f980   0x00000318   Code   RO         2202    .text               c_w.l(scanf_hexfp.o)
    0x0801fc98   0x00000134   Code   RO         2204    .text               c_w.l(scanf_infnan.o)
    0x0801fdcc   0x0000000c   Code   RO         2206    .text               c_w.l(exit.o)
    0x0801fdd8   0x0000000a   Code   RO         2208    .text               c_w.l(defsig_exit.o)
    0x0801fde2   0x00000002   PAD
    0x0801fde4   0x00000050   Code   RO         2210    .text               c_w.l(defsig_rtmem_inner.o)
    0x0801fe34   0x00000080   Code   RO         2212    .text               c_w.l(strcmpv7m.o)
    0x0801feb4   0x00000026   Code   RO         2238    .text               c_w.l(llshl.o)
    0x0801feda   0x00000032   Code   RO         2242    .text               c_w.l(defsig_general.o)
    0x0801ff0c   0x0000003e   Code   RO         2125    CL$$btod_d2e        c_w.l(btod.o)
    0x0801ff4a   0x00000046   Code   RO         2127    CL$$btod_d2e_denorm_low  c_w.l(btod.o)
    0x0801ff90   0x00000060   Code   RO         2126    CL$$btod_d2e_norm_op1  c_w.l(btod.o)
    0x0801fff0   0x00000338   Code   RO         2135    CL$$btod_div_common  c_w.l(btod.o)
    0x08020328   0x00000054   Code   RO         2133    CL$$btod_e2d        c_w.l(btod.o)
    0x0802037c   0x000000c6   Code   RO         2132    CL$$btod_e2e        c_w.l(btod.o)
    0x08020442   0x00000028   Code   RO         2129    CL$$btod_ediv       c_w.l(btod.o)
    0x0802046a   0x00000028   Code   RO         2131    CL$$btod_edivd      c_w.l(btod.o)
    0x08020492   0x00000028   Code   RO         2128    CL$$btod_emul       c_w.l(btod.o)
    0x080204ba   0x00000028   Code   RO         2130    CL$$btod_emuld      c_w.l(btod.o)
    0x080204e2   0x00000244   Code   RO         2134    CL$$btod_mult_common  c_w.l(btod.o)
    0x08020726   0x00000030   Code   RO         2034    i.__ARM_fpclassify  m_wm.l(fpclassify.o)
    0x08020756   0x00000014   Code   RO         1819    i.__hardfp_fabs     m_wm.l(fabs.o)
    0x0802076a   0x00000006   PAD
    0x08020770   0x00000118   Code   RO         1825    i.__hardfp_floor    m_wm.l(floor.o)
    0x08020888   0x000000d0   Code   RO         2265    i.__hardfp_ldexp    m_wm.l(ldexp.o)
    0x08020958   0x00000c38   Code   RO         1843    i.__hardfp_pow      m_wm.l(pow.o)
    0x08021590   0x000000e0   Code   RO         1857    i.__hardfp_round    m_wm.l(round.o)
    0x08021670   0x000000f8   Code   RO         2050    i.__kernel_poly     m_wm.l(poly.o)
    0x08021768   0x00000030   Code   RO         2020    i.__mathlib_dbl_divzero  m_wm.l(dunder.o)
    0x08021798   0x00000014   Code   RO         2022    i.__mathlib_dbl_infnan2  m_wm.l(dunder.o)
    0x080217ac   0x00000004   PAD
    0x080217b0   0x00000020   Code   RO         2023    i.__mathlib_dbl_invalid  m_wm.l(dunder.o)
    0x080217d0   0x00000020   Code   RO         2024    i.__mathlib_dbl_overflow  m_wm.l(dunder.o)
    0x080217f0   0x00000020   Code   RO         2026    i.__mathlib_dbl_underflow  m_wm.l(dunder.o)
    0x08021810   0x000000b8   Code   RO         2186    i.__mathlib_narrow  m_wm.l(narrow.o)
    0x080218c8   0x00000014   Code   RO         2267    i.__support_ldexp   m_wm.l(ldexp.o)
    0x080218dc   0x0000000e   Code   RO         1732    i._is_digit         c_w.l(__printf_wp.o)
    0x080218ea   0x00000018   Code   RO         1821    i.fabs              m_wm.l(fabs.o)
    0x08021902   0x00000006   PAD
    0x08021908   0x0000008c   Code   RO         2228    i.frexp             m_wm.l(frexp.o)
    0x08021994   0x0000006e   Code   RO         2055    i.sqrt              m_wm.l(sqrt.o)
    0x08021a02   0x00000002   PAD
    0x08021a04   0x0000002c   Code   RO         2154    locale$$code        c_w.l(lc_ctype_c.o)
    0x08021a30   0x0000002c   Code   RO         2157    locale$$code        c_w.l(lc_numeric_c.o)
    0x08021a5c   0x00000018   Code   RO         1781    x$fpl$basic         fz_wm.l(basic.o)
    0x08021a74   0x00000062   Code   RO         1783    x$fpl$d2f           fz_wm.l(d2f.o)
    0x08021ad6   0x00000002   PAD
    0x08021ad8   0x00000150   Code   RO         1785    x$fpl$dadd          fz_wm.l(daddsub_clz.o)
    0x08021c28   0x00000010   Code   RO         2168    x$fpl$dcheck1       fz_wm.l(dcheck1.o)
    0x08021c38   0x00000018   Code   RO         1999    x$fpl$dcmpinf       fz_wm.l(dcmpi.o)
    0x08021c50   0x000002b0   Code   RO         1792    x$fpl$ddiv          fz_wm.l(ddiv.o)
    0x08021f00   0x00000078   Code   RO         1795    x$fpl$deqf          fz_wm.l(deqf.o)
    0x08021f78   0x0000005e   Code   RO         1797    x$fpl$dfix          fz_wm.l(dfix.o)
    0x08021fd6   0x0000002e   Code   RO         1802    x$fpl$dflt          fz_wm.l(dflt_clz.o)
    0x08022004   0x00000026   Code   RO         1801    x$fpl$dfltu         fz_wm.l(dflt_clz.o)
    0x0802202a   0x00000002   PAD
    0x0802202c   0x00000078   Code   RO         1807    x$fpl$dleqf         fz_wm.l(dleqf.o)
    0x080220a4   0x00000154   Code   RO         1809    x$fpl$dmul          fz_wm.l(dmul.o)
    0x080221f8   0x0000009c   Code   RO         2001    x$fpl$dnaninf       fz_wm.l(dnaninf.o)
    0x08022294   0x0000000c   Code   RO         2003    x$fpl$dretinf       fz_wm.l(dretinf.o)
    0x080222a0   0x0000006c   Code   RO         1811    x$fpl$drleqf        fz_wm.l(drleqf.o)
    0x0802230c   0x000000b4   Code   RO         2005    x$fpl$drnd          fz_wm.l(drnd.o)
    0x080223c0   0x00000016   Code   RO         1786    x$fpl$drsb          fz_wm.l(daddsub_clz.o)
    0x080223d6   0x00000002   PAD
    0x080223d8   0x00000198   Code   RO         2170    x$fpl$dsqrt         fz_wm.l(dsqrt_umaal.o)
    0x08022570   0x000001d4   Code   RO         1787    x$fpl$dsub          fz_wm.l(daddsub_clz.o)
    0x08022744   0x00000056   Code   RO         1813    x$fpl$f2d           fz_wm.l(f2d.o)
    0x0802279a   0x0000008c   Code   RO         2007    x$fpl$fnaninf       fz_wm.l(fnaninf.o)
    0x08022826   0x0000000a   Code   RO         2175    x$fpl$fpinit        fz_wm.l(fpinit.o)
    0x08022830   0x0000000a   Code   RO         2009    x$fpl$fretinf       fz_wm.l(fretinf.o)
    0x0802283a   0x00000004   Code   RO         1815    x$fpl$printf1       fz_wm.l(printf1.o)
    0x0802283e   0x00000004   Code   RO         2011    x$fpl$printf2       fz_wm.l(printf2.o)
    0x08022842   0x00000064   Code   RO         2224    x$fpl$retnan        fz_wm.l(retnan.o)
    0x080228a6   0x0000005c   Code   RO         2017    x$fpl$scalbn        fz_wm.l(scalbn.o)
    0x08022902   0x00000004   Code   RO         1817    x$fpl$scanf1        fz_wm.l(scanf1.o)
    0x08022906   0x00000008   Code   RO         2179    x$fpl$scanf2        fz_wm.l(scanf2.o)
    0x0802290e   0x00000030   Code   RO         2263    x$fpl$trapveneer    fz_wm.l(trapv.o)
    0x0802293e   0x00000000   Code   RO         2019    x$fpl$usenofp       fz_wm.l(usenofp.o)
    0x0802293e   0x00000002   PAD
    0x08022940   0x00000010   Data   RO            4    .constdata          main.o
    0x08022950   0x00000007   Data   RO          391    .constdata          cjson.o
    0x08022957   0x00000001   PAD
    0x08022958   0x00000044   Data   RO         1125    .constdata          ff.o
    0x0802299c   0x0002abb6   Data   RO         1172    .constdata          ffunicode.o
    0x0804d552   0x00000028   Data   RO         1720    .constdata          c_w.l(_printf_hex_int_ll_ptr.o)
    0x0804d57a   0x00000011   Data   RO         1740    .constdata          c_w.l(__printf_flags_ss_wp.o)
    0x0804d58b   0x00000005   PAD
    0x0804d590   0x00000088   Data   RO         1846    .constdata          m_wm.l(pow.o)
    0x0804d618   0x00000008   Data   RO         1916    .constdata          c_w.l(_printf_wctomb.o)
    0x0804d620   0x00000008   Data   RO         2052    .constdata          m_wm.l(qnan.o)
    0x0804d628   0x00000026   Data   RO         2112    .constdata          c_w.l(_printf_fp_hex.o)
    0x0804d64e   0x00000002   PAD
    0x0804d650   0x00000094   Data   RO         2123    .constdata          c_w.l(bigflt0.o)
    0x0804d6e4   0x000004c7   Data   RO          433    .conststring        mystring.o
    0x0804dbab   0x00000001   PAD
    0x0804dbac   0x0000009a   Data   RO          723    .conststring        load_sensor.o
    0x0804dc46   0x00000002   PAD
    0x0804dc48   0x00000020   Data   RO         2309    Region$$Table       anon$$obj.o
    0x0804dc68   0x00000008   Data   RO         2172    c$$dinf             fz_wm.l(fpconst.o)
    0x0804dc70   0x00000110   Data   RO         2153    locale$$data        c_w.l(lc_ctype_c.o)
    0x0804dd80   0x0000001c   Data   RO         2156    locale$$data        c_w.l(lc_numeric_c.o)


    Execution Region RW_IRAM2 (Base: 0x10000000, Size: 0x00001f50, Max: 0x00010000, ABSOLUTE, COMPRESSED[0x0000019c])

    Base Addr    Size         Type   Attr      Idx    E Section Name        Object

    0x10000000   0x00000014   Data   RW          308    .data               system_stm32f4xx.o
    0x10000014   0x000000a4   Data   RW          335    .data               user_task.o
    0x100000b8   0x0000000c   Data   RW          392    .data               cjson.o
    0x100000c4   0x00000188   Data   RW          434    .data               mystring.o
    0x1000024c   0x00000001   Data   RW          460    .data               hardcontrol.o
    0x1000024d   0x00000003   PAD
    0x10000250   0x00000006   Data   RW          527    .data               cmd_queue.o
    0x10000256   0x00000002   PAD
    0x10000258   0x0000000c   Data   RW          590    .data               cmd_process.o
    0x10000264   0x00000008   Data   RW          638    .data               uart_rfid.o
    0x1000026c   0x00000004   Data   RW          660    .data               ads126x.o
    0x10000270   0x00000079   Data   RW          724    .data               load_sensor.o
    0x100002e9   0x00000003   PAD
    0x100002ec   0x00000068   Data   RW          810    .data               24cxx.o
    0x10000354   0x0000003c   Data   RW          980    .data               tasks.o
    0x10000390   0x00000014   Data   RW         1019    .data               timers.o
    0x100003a4   0x0000000c   Data   RW         1045    .data               port.o
    0x100003b0   0x00000018   Data   RW         1082    .data               heap_5.o
    0x100003c8   0x00000006   Data   RW         1126    .data               ff.o
    0x100003ce   0x00000002   PAD
    0x100003d0   0x00000014   Data   RW         1195    .data               exfuns.o
    0x100003e4   0x00000010   Data   RW         1222    .data               sdio_sdcard.o
    0x100003f4   0x00000010   Data   RW         1288    .data               stm32f4xx_rcc.o
    0x10000404   0x00000004   Data   RW         1513    .data               delay.o
    0x10000408   0x00000004   Data   RW         1553    .data               usart.o
    0x1000040c   0x00000004   PAD
    0x10000410   0x00000668   Zero   RW          334    .bss                user_task.o
    0x10000a78   0x00000404   Zero   RW          526    .bss                cmd_queue.o
    0x10000e7c   0x000000e0   Zero   RW          589    .bss                cmd_process.o
    0x10000f5c   0x000001fc   Zero   RW          637    .bss                uart_rfid.o
    0x10001158   0x000000a0   Zero   RW          722    .bss                load_sensor.o
    0x100011f8   0x00000040   Zero   RW          950    .bss                queue.o
    0x10001238   0x000002e4   Zero   RW          979    .bss                tasks.o
    0x1000151c   0x00000028   Zero   RW         1018    .bss                timers.o
    0x10001544   0x00000004   PAD
    0x10001548   0x000002c0   Zero   RW         1221    .bss                sdio_sdcard.o
    0x10001808   0x000000e4   Zero   RW         1756    .bss                c_w.l(rand.o)
    0x100018ec   0x00000060   Zero   RW         2068    .bss                c_w.l(libspace.o)
    0x1000194c   0x00000004   PAD
    0x10001950   0x00000200   Zero   RW         1584    HEAP                startup_stm32f40_41xxx.o
    0x10001b50   0x00000400   Zero   RW         1583    STACK               startup_stm32f40_41xxx.o


==============================================================================

Image component sizes


      Code (inc. data)   RO Data    RW Data    ZI Data      Debug   Object Name

       600         56          0        104          0       4295   24cxx.o
      2256         64          0          4          0       5613   ads126x.o
       448         22          0          0          0       2160   can.o
      7002        236          7         12          0      22108   cjson.o
      4716        398          0         12        224      10607   cmd_process.o
       276         14          0          6       1028       2196   cmd_queue.o
       256          8          0          4          0       1847   delay.o
       548         82          0          0          0       3258   diskio.o
      1118         50          0          0          0      17289   event_groups.o
       220        124          0         20          0       1330   exfuns.o
     16134        160         68          6          0      55518   ff.o
        80          0          0          0          0       1514   ffsystem.o
       392         28     175030          0          0       2272   ffunicode.o
       824         56          0          1          0       3192   hardcontrol.o
       760         76          0         24          0       3485   heap_5.o
     10058          0          0          0          0      32345   hmi_driver.o
       220         12          0          0          0       1193   hmi_user_uart.o
        44          0          0          0          0        702   iwdg.o
       120          8          0          0          0        580   led.o
       148          0          0          0          0       1966   list.o
     31320       1246        154        121        160       8361   load_sensor.o
       420        134         16          0          0     321095   main.o
       224         20          0          0          0       1861   misc.o
       220          4          0          0          0        899   my_spi.o
       616         20          0          0          0       1908   myiic.o
        84         28       1223        392          0       2327   mystring.o
      1018        112          0         12          0       8387   port.o
      4048         56          0          0         64      20194   queue.o
      7520        278          0         16        704      24761   sdio_sdcard.o
        64         26        392          0       1536        860   startup_stm32f40_41xxx.o
      2544         38          0          0          0       8012   stm32f4xx_can.o
       936         32          0          0          0       6337   stm32f4xx_dma.o
       272         10          0          0          0       2307   stm32f4xx_exti.o
       660         44          0          0          0       4137   stm32f4xx_gpio.o
        20          0          0          0          0        967   stm32f4xx_it.o
        64          6          0          0          0       1353   stm32f4xx_iwdg.o
      1628         52          0         16          0      12948   stm32f4xx_rcc.o
       476         16          0          0          0       7432   stm32f4xx_sdio.o
       148         12          0          0          0       1865   stm32f4xx_syscfg.o
      1108         34          0          0          0       7840   stm32f4xx_usart.o
        16          0          0          0          0        512   sys.o
       528         46          0         20          0       1843   system_stm32f4xx.o
      6536        408          0         60        740      32893   tasks.o
      1612        110          0         20         40      11471   timers.o
      1080        248          0          8        508       3799   uart_rfid.o
       728         40          0          4          0       4704   usart.o
      9892       1534          0        164       1640      41742   user_task.o

    ----------------------------------------------------------------------
    120012       5948     176926       1036       6652     714285   Object Totals
         0          0         32          0          0          0   (incl. Generated)
        10          0          4         10          8          0   (incl. Padding)

    ----------------------------------------------------------------------

      Code (inc. data)   RO Data    RW Data    ZI Data      Debug   Library Member Name

        60          8          0          0          0         84   __0sscanf.o
        24          4          0          0          0         84   __2printf.o
        44          6          0          0          0         84   __2sprintf.o
        90          0          0          0          0          0   __dczerorl2.o
         8          0          0          0          0         68   __main.o
       392          4         17          0          0         92   __printf_flags_ss_wp.o
        14          0          0          0          0         68   __printf_wp.o
         0          0          0          0          0          0   __rtentry.o
        12          0          0          0          0          0   __rtentry2.o
         6          0          0          0          0          0   __rtentry4.o
        52          8          0          0          0          0   __scatter.o
        28          0          0          0          0          0   __scatter_zi.o
        28          0          0          0          0         68   _chval.o
         6          0          0          0          0          0   _printf_a.o
         6          0          0          0          0          0   _printf_c.o
        44          0          0          0          0        108   _printf_char.o
        48          6          0          0          0         96   _printf_char_common.o
        36          4          0          0          0         80   _printf_char_file.o
        40          0          0          0          0         68   _printf_charcount.o
         6          0          0          0          0          0   _printf_d.o
       120         16          0          0          0         92   _printf_dec.o
         6          0          0          0          0          0   _printf_e.o
         6          0          0          0          0          0   _printf_f.o
      1050          0          0          0          0        216   _printf_fp_dec.o
       764         10         38          0          0        100   _printf_fp_hex.o
       128         16          0          0          0         84   _printf_fp_infnan.o
         6          0          0          0          0          0   _printf_g.o
       148          4         40          0          0        160   _printf_hex_int_ll_ptr.o
         6          0          0          0          0          0   _printf_i.o
       178          0          0          0          0         88   _printf_intcommon.o
        10          0          0          0          0          0   _printf_l.o
         6          0          0          0          0          0   _printf_lc.o
        10          0          0          0          0          0   _printf_ll.o
         6          0          0          0          0          0   _printf_lld.o
         6          0          0          0          0          0   _printf_lli.o
         6          0          0          0          0          0   _printf_llo.o
         6          0          0          0          0          0   _printf_llu.o
         6          0          0          0          0          0   _printf_llx.o
       124         16          0          0          0         92   _printf_longlong_dec.o
         6          0          0          0          0          0   _printf_ls.o
         6          0          0          0          0          0   _printf_n.o
         6          0          0          0          0          0   _printf_o.o
       112          8          0          0          0        124   _printf_oct_int_ll.o
         6          0          0          0          0          0   _printf_p.o
        78          0          0          0          0        108   _printf_pad.o
         0          0          0          0          0          0   _printf_percent.o
         4          0          0          0          0          0   _printf_percent_end.o
         6          0          0          0          0          0   _printf_s.o
        82          0          0          0          0         80   _printf_str.o
        36          0          0          0          0         84   _printf_truncate.o
         6          0          0          0          0          0   _printf_u.o
        44          0          0          0          0        108   _printf_wchar.o
       188          6          8          0          0         92   _printf_wctomb.o
         6          0          0          0          0          0   _printf_x.o
        22          0          0          0          0        100   _rserrno.o
       884          6          0          0          0        100   _scanf.o
       332          0          0          0          0         96   _scanf_int.o
        64          0          0          0          0         84   _sgetc.o
        16          0          0          0          0         68   _snputc.o
        10          0          0          0          0         68   _sputc.o
        64          0          0          0          0         92   _wcrtomb.o
        16          0          0          0          0         68   aeabi_memset.o
       220          4        148          0          0         96   bigflt0.o
      2074        132          0          0          0        940   btod.o
        10          0          0          0          0         68   defsig_exit.o
        50          0          0          0          0         88   defsig_general.o
        80         58          0          0          0         76   defsig_rtmem_inner.o
        14          0          0          0          0         80   defsig_rtmem_outer.o
        12          0          0          0          0         72   exit.o
         8          0          0          0          0         68   ferror.o
        94          0          0          0          0         80   h1_alloc.o
        52          0          0          0          0         68   h1_extend.o
        78          0          0          0          0         80   h1_free.o
        14          0          0          0          0         84   h1_init.o
         6          0          0          0          0        152   heapauxi.o
         4          0          0          0          0        136   hguard.o
       138          0          0          0          0        168   init_alloc.o
        18          0          0          0          0         76   isspace.o
        44         10        272          0          0         76   lc_ctype_c.o
        44         10         28          0          0         76   lc_numeric_c.o
         2          0          0          0          0          0   libinit.o
        46          0          0          0          0          0   libinit2.o
         2          0          0          0          0          0   libshutdown.o
         2          0          0          0          0          0   libshutdown2.o
         8          4          0          0         96         68   libspace.o
        72          0          0          0          0         76   llsdiv.o
        38          0          0          0          0         68   llshl.o
       138          0          0          0          0         80   lludiv10.o
       238          0          0          0          0        100   lludivv7m.o
         0          0          0          0          0          0   maybetermalloc1.o
       112         18          0          0        228        160   rand.o
        16          4          0          0          0         76   rt_ctype_table.o
         8          4          0          0          0         68   rt_errno_addr_intlibspace.o
         8          4          0          0          0         68   rt_heap_descriptor_intlibspace.o
         8          4          0          0          0         68   rt_locale_intlibspace.o
        68          0          0          0          0         68   rt_memclr.o
        78          0          0          0          0         80   rt_memclr_w.o
       138          0          0          0          0         68   rt_memcpy_v6.o
       100          0          0          0          0         80   rt_memcpy_w.o
         2          0          0          0          0          0   rtexit.o
        10          0          0          0          0          0   rtexit2.o
        44          8          0          0          0         84   scanf_char.o
      1188         12          0          0          0        148   scanf_fp.o
       792         14          0          0          0        100   scanf_hexfp.o
       308         16          0          0          0        100   scanf_infnan.o
        20          0          0          0          0         68   strchr.o
       128          0          0          0          0         68   strcmpv7m.o
        72          0          0          0          0         80   strcpy.o
        62          0          0          0          0         76   strlen.o
       150          0          0          0          0         80   strncmp.o
        86          0          0          0          0         76   strncpy.o
        74          0          0          0          0         80   sys_stackheap_outer.o
        26          0          0          0          0         76   tolower.o
         2          0          0          0          0         68   use_no_semi.o
         2          0          0          0          0         68   use_no_semi_2.o
        52          4          0          0          0         80   vsnprintf.o
        24          0          0          0          0        164   basic.o
        98          4          0          0          0        140   d2f.o
       826         16          0          0          0        492   daddsub_clz.o
        16          4          0          0          0        116   dcheck1.o
        24          0          0          0          0        116   dcmpi.o
       688        140          0          0          0        256   ddiv.o
       120          4          0          0          0        140   deqf.o
        94          4          0          0          0        140   dfix.o
        84          0          0          0          0        232   dflt_clz.o
       120          4          0          0          0        140   dleqf.o
       340         12          0          0          0        152   dmul.o
       156          4          0          0          0        140   dnaninf.o
        12          0          0          0          0        116   dretinf.o
       108          0          0          0          0        128   drleqf.o
       180          4          0          0          0        128   drnd.o
       408         56          0          0          0        168   dsqrt_umaal.o
        86          4          0          0          0        132   f2d.o
       140          4          0          0          0        132   fnaninf.o
         0          0          8          0          0          0   fpconst.o
        10          0          0          0          0        116   fpinit.o
        10          0          0          0          0        116   fretinf.o
         4          0          0          0          0        116   printf1.o
         4          0          0          0          0        116   printf2.o
       100          0          0          0          0        116   retnan.o
        92          0          0          0          0        116   scalbn.o
         4          0          0          0          0        116   scanf1.o
         8          0          0          0          0        132   scanf2.o
        48          0          0          0          0        116   trapv.o
         0          0          0          0          0          0   usenofp.o
       164         44          0          0          0        620   dunder.o
        44          0          0          0          0        248   fabs.o
       280         28          0          0          0        156   floor.o
        48          0          0          0          0        124   fpclassify.o
       140         22          0          0          0        132   frexp.o
       228          8          0          0          0        308   ldexp.o
       184         18          0          0          0        152   narrow.o
       248          0          0          0          0        152   poly.o
      3128        302        136          0          0        356   pow.o
         0          0          8          0          0          0   qnan.o
       224         30          0          0          0        172   round.o
       110          0          0          0          0        148   sqrt.o

    ----------------------------------------------------------------------
     21228       1140        710          0        328      14528   Library Totals
        36          0          7          0          4          0   (incl. Padding)

    ----------------------------------------------------------------------

      Code (inc. data)   RO Data    RW Data    ZI Data      Debug   Library Name

     12590        428        551          0        324       7868   c_w.l
      3804        260          8          0          0       4092   fz_wm.l
      4798        452        144          0          0       2568   m_wm.l

    ----------------------------------------------------------------------
     21228       1140        710          0        328      14528   Library Totals

    ----------------------------------------------------------------------

==============================================================================


      Code (inc. data)   RO Data    RW Data    ZI Data      Debug   

    141240       7088     177636       1036       6980     709437   Grand Totals
    141240       7088     177636        412       6980     709437   ELF Image Totals (compressed)
    141240       7088     177636        412          0          0   ROM Totals

==============================================================================

    Total RO  Size (Code + RO Data)               318876 ( 311.40kB)
    Total RW  Size (RW Data + ZI Data)              8016 (   7.83kB)
    Total ROM Size (Code + RO Data + RW Data)     319288 ( 311.80kB)

==============================================================================

